
> port-side--pos@0.0.0 build
> next build

node.exe : [baseline-brows
er-mapping] The data in 
this module is over two 
months old.  To ensure 
accurate Baseline data, 
please update: `npm i base
line-browser-mapping@lates
t -D`
At line:1 char:1
+ & "C:\Program 
Files\nodejs/node.exe" 
"C:\Program 
Files\nodejs/node_mo ...
+ ~~~~~~~~~~~~~~~~~~~~~~~~
~~~~~~~~~~~~~~~~~~~~~~~~~~
~~~~~~~~~~~~~~~~~~~
    + CategoryInfo        
      : NotSpecified: ([  
  baseline-brows...ping   
 @latest -D`:String) [    
], RemoteException
    + FullyQualifiedError 
   Id : NativeCommandErr  
  or
 
   Γû▓ Next.js 16.0.10 (Turbopack)
   - Environments: .env.local

   Creating an optimized production build ...
[baseline-browser-mapping]
 The data in this module 
is over two months old.  
To ensure accurate 
Baseline data, please 
update: `npm i baseline-br
owser-mapping@latest -D`
 Γ£ô Compiled successfully in 5.4s
   Running TypeScript ...
Failed to compile.

./components/pages/Invento
ry.tsx:330:24
Type error: Property 
'sku' does not exist on 
type '{ number: boolean; 
barcode: boolean; 
product: boolean; type: 
boolean; size: boolean; 
brand: boolean; 
costPrice: boolean; 
sellingPrice: boolean; 
supplier: boolean; stock: 
boolean; unitsSold: 
boolean; 
lowStockThreshold: 
boolean; value: boolean; 
totalRevenue: boolean; 
profit: boolean; }'.

[0m [90m 328 |[39m     
[36mif[39m (visibleColum
ns[33m.[39msize) headers
[33m.[39mpush([32m'Size
'[39m)[33m;[39m
 [90m 329 |[39m     
[36mif[39m (visibleColum
ns[33m.[39mbrand) header
s[33m.[39mpush([32m'Bra
nd'[39m)[33m;[39m
[31m[1m>[22m[39m[90m 
330 |[39m     
[36mif[39m (visibleColum
ns[33m.[39msku) headers
[33m.[39mpush([32m'SKU'
[39m)[33m;[39m
 [90m     |[39m         
               
[31m[1m^[22m[39m
 [90m 331 |[39m     
[36mif[39m (visibleColum
ns[33m.[39mcostPrice) he
aders[33m.[39mpush([32m
'Cost 
Price'[39m)[33m;[39m
 [90m 332 |[39m     
[36mif[39m (visibleColum
ns[33m.[39msellingPrice)
 headers[33m.[39mpush([
32m'Selling 
Price'[39m)[33m;[39m
 [90m 333 |[39m     
[36mif[39m (visibleColum
ns[33m.[39msupplier) hea
ders[33m.[39mpush([32m'
Supplier'[39m)[33m;[39m
[0m
Next.js build worker 
exited with code: 1 and 
signal: null
